[
   {
      "Name": "rpool",
      "Mountpoint": "/boot",
      "CanMount": "on"
   }
]