[
   {
      "Name": "bpool",
      "Mountpoint": "/",
      "CanMount": "off"
   },
   {
      "Name": "bpool/BOOT",
      "Mountpoint": "/BOOT",
      "CanMount": "off"
   },
   {
      "Name": "bpool/BOOT/boot",
      "Mountpoint": "/boot",
      "CanMount": "on",
      "BootFS": true,
      "LastUsed": 1555555555
   },
   {
      "Name": "bpool/BOOT/boot@snap_b1",
      "IsSnapshot": true,
      "Mountpoint": "/boot",
      "CanMount": "on",
      "BootFS": true,
      "LastUsed": 2000000000
   },
   {
      "Name": "bpool/BOOT/boot@snap_b2",
      "IsSnapshot": true,
      "Mountpoint": "/boot",
      "CanMount": "on",
      "BootFS": true,
      "LastUsed": 2000000000
   },
   {
      "Name": "rpool",
      "Mountpoint": "/",
      "CanMount": "off"
   },
   {
      "Name": "rpool/ROOT",
      "Mountpoint": "/ROOT",
      "CanMount": "off"
   },
   {
      "Name": "rpool/ROOT/ubuntu",
      "Mountpoint": "/",
      "CanMount": "on",
      "BootFS": true,
      "LastUsed": 1555555555
   },
   {
      "Name": "rpool/ROOT/ubuntu@snap_r1",
      "IsSnapshot": true,
      "Mountpoint": "/",
      "CanMount": "on",
      "BootFS": true,
      "LastUsed": 2000000000
   },
   {
      "Name": "rpool/ROOT/ubuntu@snap_r2",
      "IsSnapshot": true,
      "Mountpoint": "/",
      "CanMount": "on",
      "BootFS": true,
      "LastUsed": 2000000000
   }
]