{
   "All": {
      "rpool/ROOT/ubuntu_1234": {
         "ID": "rpool/ROOT/ubuntu_1234",
         "IsZsys": true,
         "LastUsed": "2019-04-18T04:45:55+02:00",
         "SystemDatasets": [
            {
               "Name": "rpool/ROOT/ubuntu_1234",
               "Mountpoint": "/",
               "CanMount": "on",
               "BootFS": true,
               "LastUsed": 1555555555
            }
         ],
         "UserDatasets": [
            {
               "Name": "rpool/USERDATA/root_bcde",
               "Mountpoint": "/root",
               "CanMount": "on",
               "LastUsed": 1533333333,
               "BootfsDatasets": "rpool/ROOT/ubuntu_1234"
            },
            {
               "Name": "rpool/USERDATA/user1_abcd",
               "Mountpoint": "/home/user1",
               "CanMount": "on",
               "LastUsed": 1544444444,
               "BootfsDatasets": "rpool/ROOT/ubuntu_1234"
            },
            {
               "Name": "rpool/USERDATA/userfoo_xxxxxx",
               "Mountpoint": "/home/foo",
               "CanMount": "on",
               "LastUsed": 2000000000,
               "BootfsDatasets": "rpool/ROOT/ubuntu_1234"
            }
         ],
         "Users": {
            "root": {
               "current": [
                  {
                     "Name": "rpool/USERDATA/root_bcde",
                     "Mountpoint": "/root",
                     "CanMount": "on",
                     "LastUsed": 1533333333,
                     "BootfsDatasets": "rpool/ROOT/ubuntu_1234"
                  }
               ]
            },
            "user1": {
               "current": [
                  {
                     "Name": "rpool/USERDATA/user1_abcd",
                     "Mountpoint": "/home/user1",
                     "CanMount": "on",
                     "LastUsed": 1544444444,
                     "BootfsDatasets": "rpool/ROOT/ubuntu_1234"
                  }
               ]
            },
            "userfoo": {
               "current": [
                  {
                     "Name": "rpool/USERDATA/userfoo_xxxxxx",
                     "Mountpoint": "/home/foo",
                     "CanMount": "on",
                     "LastUsed": 2000000000,
                     "BootfsDatasets": "rpool/ROOT/ubuntu_1234"
                  }
               ]
            }
         }
      }
   },
   "Cmdline": "aaaaa bbbbb root=ZFS=rpool/ROOT/ubuntu_1234 ccccc",
   "Current": {
      "ID": "rpool/ROOT/ubuntu_1234",
      "IsZsys": true,
      "LastUsed": "2019-04-18T04:45:55+02:00",
      "SystemDatasets": [
         {
            "Name": "rpool/ROOT/ubuntu_1234",
            "Mountpoint": "/",
            "CanMount": "on",
            "BootFS": true,
            "LastUsed": 1555555555
         }
      ],
      "UserDatasets": [
         {
            "Name": "rpool/USERDATA/root_bcde",
            "Mountpoint": "/root",
            "CanMount": "on",
            "LastUsed": 1533333333,
            "BootfsDatasets": "rpool/ROOT/ubuntu_1234"
         },
         {
            "Name": "rpool/USERDATA/user1_abcd",
            "Mountpoint": "/home/user1",
            "CanMount": "on",
            "LastUsed": 1544444444,
            "BootfsDatasets": "rpool/ROOT/ubuntu_1234"
         },
         {
            "Name": "rpool/USERDATA/userfoo_xxxxxx",
            "Mountpoint": "/home/foo",
            "CanMount": "on",
            "LastUsed": 2000000000,
            "BootfsDatasets": "rpool/ROOT/ubuntu_1234"
         }
      ],
      "Users": {
         "root": {
            "current": [
               {
                  "Name": "rpool/USERDATA/root_bcde",
                  "Mountpoint": "/root",
                  "CanMount": "on",
                  "LastUsed": 1533333333,
                  "BootfsDatasets": "rpool/ROOT/ubuntu_1234"
               }
            ]
         },
         "user1": {
            "current": [
               {
                  "Name": "rpool/USERDATA/user1_abcd",
                  "Mountpoint": "/home/user1",
                  "CanMount": "on",
                  "LastUsed": 1544444444,
                  "BootfsDatasets": "rpool/ROOT/ubuntu_1234"
               }
            ]
         },
         "userfoo": {
            "current": [
               {
                  "Name": "rpool/USERDATA/userfoo_xxxxxx",
                  "Mountpoint": "/home/foo",
                  "CanMount": "on",
                  "LastUsed": 2000000000,
                  "BootfsDatasets": "rpool/ROOT/ubuntu_1234"
               }
            ]
         }
      }
   },
   "AllSystemDatasets": [
      {
         "Name": "rpool/ROOT/ubuntu_1234",
         "Mountpoint": "/",
         "CanMount": "on",
         "BootFS": true,
         "LastUsed": 1555555555
      }
   ],
   "AllUsersDatasets": [
      {
         "Name": "rpool/USERDATA/root_bcde",
         "Mountpoint": "/root",
         "CanMount": "on",
         "LastUsed": 1533333333,
         "BootfsDatasets": "rpool/ROOT/ubuntu_1234"
      },
      {
         "Name": "rpool/USERDATA/user1_abcd",
         "Mountpoint": "/home/user1",
         "CanMount": "on",
         "LastUsed": 1544444444,
         "BootfsDatasets": "rpool/ROOT/ubuntu_1234"
      },
      {
         "Name": "rpool/USERDATA/userfoo_xxxxxx",
         "Mountpoint": "/home/foo",
         "CanMount": "on",
         "LastUsed": 2000000000,
         "BootfsDatasets": "rpool/ROOT/ubuntu_1234"
      }
   ]
}