{
   "All": {
      "rpool/ROOT/ubuntu_1234": {
         "IsZsys": true,
         "ID": "rpool/ROOT/ubuntu_1234",
         "LastUsed": "2019-04-18T04:45:55+02:00",
         "Datasets": {
            "rpool/ROOT/ubuntu_1234": [
               {
                  "Name": "rpool/ROOT/ubuntu_1234",
                  "Mountpoint": "/",
                  "CanMount": "on",
                  "BootFS": true,
                  "LastUsed": 1555555555
               }
            ]
         },
         "Users": {
            "root": {
               "ID": "rpool2/USERDATA/root_bcde",
               "LastUsed": "2018-08-03T23:55:33+02:00",
               "Datasets": {
                  "rpool2/USERDATA/root_bcde": [
                     {
                        "Name": "rpool2/USERDATA/root_bcde",
                        "Mountpoint": "/root",
                        "CanMount": "on",
                        "LastUsed": 1533333333,
                        "BootfsDatasets": "rpool/ROOT/ubuntu_1234"
                     }
                  ]
               }
            },
            "user1": {
               "ID": "rpool2/USERDATA/user1_abcd",
               "LastUsed": "2018-12-10T13:20:44+01:00",
               "Datasets": {
                  "rpool2/USERDATA/user1_abcd": [
                     {
                        "Name": "rpool2/USERDATA/user1_abcd",
                        "Mountpoint": "/home/user1",
                        "CanMount": "on",
                        "LastUsed": 1544444444,
                        "BootfsDatasets": "rpool/ROOT/ubuntu_1234"
                     }
                  ]
               }
            },
            "userfoo": {
               "ID": "rpool2/USERDATA/userfoo_xxxxxx",
               "LastUsed": "2033-05-18T05:33:20+02:00",
               "Datasets": {
                  "rpool2/USERDATA/userfoo_xxxxxx": [
                     {
                        "Name": "rpool2/USERDATA/userfoo_xxxxxx",
                        "Mountpoint": "/home/foo",
                        "CanMount": "on",
                        "LastUsed": 2000000000,
                        "BootfsDatasets": "rpool/ROOT/ubuntu_1234"
                     }
                  ]
               }
            }
         },
         "AllUsersStates": {
            "root": {
               "rpool2/USERDATA/root_bcde": {
                  "ID": "rpool2/USERDATA/root_bcde",
                  "LastUsed": "2018-08-03T23:55:33+02:00",
                  "Datasets": {
                     "rpool2/USERDATA/root_bcde": [
                        {
                           "Name": "rpool2/USERDATA/root_bcde",
                           "Mountpoint": "/root",
                           "CanMount": "on",
                           "LastUsed": 1533333333,
                           "BootfsDatasets": "rpool/ROOT/ubuntu_1234"
                        }
                     ]
                  }
               }
            },
            "user1": {
               "rpool2/USERDATA/user1_abcd": {
                  "ID": "rpool2/USERDATA/user1_abcd",
                  "LastUsed": "2018-12-10T13:20:44+01:00",
                  "Datasets": {
                     "rpool2/USERDATA/user1_abcd": [
                        {
                           "Name": "rpool2/USERDATA/user1_abcd",
                           "Mountpoint": "/home/user1",
                           "CanMount": "on",
                           "LastUsed": 1544444444,
                           "BootfsDatasets": "rpool/ROOT/ubuntu_1234"
                        }
                     ]
                  }
               }
            },
            "userfoo": {
               "rpool2/USERDATA/userfoo_xxxxxx": {
                  "ID": "rpool2/USERDATA/userfoo_xxxxxx",
                  "LastUsed": "2033-05-18T05:33:20+02:00",
                  "Datasets": {
                     "rpool2/USERDATA/userfoo_xxxxxx": [
                        {
                           "Name": "rpool2/USERDATA/userfoo_xxxxxx",
                           "Mountpoint": "/home/foo",
                           "CanMount": "on",
                           "LastUsed": 2000000000,
                           "BootfsDatasets": "rpool/ROOT/ubuntu_1234"
                        }
                     ]
                  }
               }
            }
         }
      }
   },
   "Cmdline": "aaaaa bbbbb root=ZFS=rpool/ROOT/ubuntu_1234 ccccc",
   "Current": {
      "IsZsys": true,
      "ID": "rpool/ROOT/ubuntu_1234",
      "LastUsed": "2019-04-18T04:45:55+02:00",
      "Datasets": {
         "rpool/ROOT/ubuntu_1234": [
            {
               "Name": "rpool/ROOT/ubuntu_1234",
               "Mountpoint": "/",
               "CanMount": "on",
               "BootFS": true,
               "LastUsed": 1555555555
            }
         ]
      },
      "Users": {
         "root": {
            "ID": "rpool2/USERDATA/root_bcde",
            "LastUsed": "2018-08-03T23:55:33+02:00",
            "Datasets": {
               "rpool2/USERDATA/root_bcde": [
                  {
                     "Name": "rpool2/USERDATA/root_bcde",
                     "Mountpoint": "/root",
                     "CanMount": "on",
                     "LastUsed": 1533333333,
                     "BootfsDatasets": "rpool/ROOT/ubuntu_1234"
                  }
               ]
            }
         },
         "user1": {
            "ID": "rpool2/USERDATA/user1_abcd",
            "LastUsed": "2018-12-10T13:20:44+01:00",
            "Datasets": {
               "rpool2/USERDATA/user1_abcd": [
                  {
                     "Name": "rpool2/USERDATA/user1_abcd",
                     "Mountpoint": "/home/user1",
                     "CanMount": "on",
                     "LastUsed": 1544444444,
                     "BootfsDatasets": "rpool/ROOT/ubuntu_1234"
                  }
               ]
            }
         },
         "userfoo": {
            "ID": "rpool2/USERDATA/userfoo_xxxxxx",
            "LastUsed": "2033-05-18T05:33:20+02:00",
            "Datasets": {
               "rpool2/USERDATA/userfoo_xxxxxx": [
                  {
                     "Name": "rpool2/USERDATA/userfoo_xxxxxx",
                     "Mountpoint": "/home/foo",
                     "CanMount": "on",
                     "LastUsed": 2000000000,
                     "BootfsDatasets": "rpool/ROOT/ubuntu_1234"
                  }
               ]
            }
         }
      },
      "AllUsersStates": {
         "root": {
            "rpool2/USERDATA/root_bcde": {
               "ID": "rpool2/USERDATA/root_bcde",
               "LastUsed": "2018-08-03T23:55:33+02:00",
               "Datasets": {
                  "rpool2/USERDATA/root_bcde": [
                     {
                        "Name": "rpool2/USERDATA/root_bcde",
                        "Mountpoint": "/root",
                        "CanMount": "on",
                        "LastUsed": 1533333333,
                        "BootfsDatasets": "rpool/ROOT/ubuntu_1234"
                     }
                  ]
               }
            }
         },
         "user1": {
            "rpool2/USERDATA/user1_abcd": {
               "ID": "rpool2/USERDATA/user1_abcd",
               "LastUsed": "2018-12-10T13:20:44+01:00",
               "Datasets": {
                  "rpool2/USERDATA/user1_abcd": [
                     {
                        "Name": "rpool2/USERDATA/user1_abcd",
                        "Mountpoint": "/home/user1",
                        "CanMount": "on",
                        "LastUsed": 1544444444,
                        "BootfsDatasets": "rpool/ROOT/ubuntu_1234"
                     }
                  ]
               }
            }
         },
         "userfoo": {
            "rpool2/USERDATA/userfoo_xxxxxx": {
               "ID": "rpool2/USERDATA/userfoo_xxxxxx",
               "LastUsed": "2033-05-18T05:33:20+02:00",
               "Datasets": {
                  "rpool2/USERDATA/userfoo_xxxxxx": [
                     {
                        "Name": "rpool2/USERDATA/userfoo_xxxxxx",
                        "Mountpoint": "/home/foo",
                        "CanMount": "on",
                        "LastUsed": 2000000000,
                        "BootfsDatasets": "rpool/ROOT/ubuntu_1234"
                     }
                  ]
               }
            }
         }
      }
   },
   "AllSystemDatasets": [
      {
         "Name": "rpool/ROOT/ubuntu_1234",
         "Mountpoint": "/",
         "CanMount": "on",
         "BootFS": true,
         "LastUsed": 1555555555
      }
   ],
   "AllUsersDatasets": [
      {
         "Name": "rpool2/USERDATA/root_bcde",
         "Mountpoint": "/root",
         "CanMount": "on",
         "LastUsed": 1533333333,
         "BootfsDatasets": "rpool/ROOT/ubuntu_1234"
      },
      {
         "Name": "rpool2/USERDATA/user1_abcd",
         "Mountpoint": "/home/user1",
         "CanMount": "on",
         "LastUsed": 1544444444,
         "BootfsDatasets": "rpool/ROOT/ubuntu_1234"
      },
      {
         "Name": "rpool2/USERDATA/userfoo_xxxxxx",
         "Mountpoint": "/home/foo",
         "CanMount": "on",
         "LastUsed": 2000000000,
         "BootfsDatasets": "rpool/ROOT/ubuntu_1234"
      }
   ],
   "UnmanagedDatasets": [
      {
         "Name": "rpool",
         "Mountpoint": "/",
         "CanMount": "off"
      },
      {
         "Name": "rpool/ROOT",
         "Mountpoint": "/ROOT",
         "CanMount": "off"
      },
      {
         "Name": "rpool2",
         "Mountpoint": "/",
         "CanMount": "off"
      },
      {
         "Name": "rpool2/USERDATA",
         "Mountpoint": "/USERDATA",
         "CanMount": "off"
      }
   ]
}