{
   "All": {
      "rpool/clone": {
         "IsZsys": true,
         "ID": "rpool/clone",
         "LastUsed": "2033-05-18T05:33:20+02:00",
         "Datasets": {
            "rpool/clone": [
               {
                  "Name": "rpool/clone",
                  "Mountpoint": "/",
                  "CanMount": "on",
                  "BootFS": true,
                  "LastUsed": 2000000000
               }
            ]
         },
         "History": {
            "rpool/clone@snap1": {
               "ID": "rpool/clone@snap1",
               "LastUsed": "2019-12-31T08:36:17+01:00",
               "Datasets": {
                  "rpool/clone@snap1": [
                     {
                        "Name": "rpool/clone@snap1",
                        "IsSnapshot": true,
                        "Mountpoint": "/",
                        "CanMount": "on",
                        "LastUsed": 1577777777
                     }
                  ]
               }
            },
            "rpool/main": {
               "ID": "rpool/main",
               "LastUsed": "2020-09-13T14:26:39+02:00",
               "Datasets": {
                  "rpool/main": [
                     {
                        "Name": "rpool/main",
                        "Mountpoint": "/",
                        "CanMount": "noauto",
                        "BootFS": true,
                        "LastUsed": 1599999999,
                        "LastBootedKernel": "vmlinuz-5.2.0-8-generic",
                        "Origin": "rpool/clone@snap1"
                     }
                  ]
               }
            }
         }
      }
   },
   "Cmdline": "aaaaa bbbbb root=ZFS=rpool/clone ccccc",
   "Current": {
      "IsZsys": true,
      "ID": "rpool/clone",
      "LastUsed": "2033-05-18T05:33:20+02:00",
      "Datasets": {
         "rpool/clone": [
            {
               "Name": "rpool/clone",
               "Mountpoint": "/",
               "CanMount": "on",
               "BootFS": true,
               "LastUsed": 2000000000
            }
         ]
      },
      "History": {
         "rpool/clone@snap1": {
            "ID": "rpool/clone@snap1",
            "LastUsed": "2019-12-31T08:36:17+01:00",
            "Datasets": {
               "rpool/clone@snap1": [
                  {
                     "Name": "rpool/clone@snap1",
                     "IsSnapshot": true,
                     "Mountpoint": "/",
                     "CanMount": "on",
                     "LastUsed": 1577777777
                  }
               ]
            }
         },
         "rpool/main": {
            "ID": "rpool/main",
            "LastUsed": "2020-09-13T14:26:39+02:00",
            "Datasets": {
               "rpool/main": [
                  {
                     "Name": "rpool/main",
                     "Mountpoint": "/",
                     "CanMount": "noauto",
                     "BootFS": true,
                     "LastUsed": 1599999999,
                     "LastBootedKernel": "vmlinuz-5.2.0-8-generic",
                     "Origin": "rpool/clone@snap1"
                  }
               ]
            }
         }
      }
   },
   "AllSystemDatasets": [
      {
         "Name": "rpool/clone",
         "Mountpoint": "/",
         "CanMount": "on",
         "BootFS": true,
         "LastUsed": 2000000000
      },
      {
         "Name": "rpool/clone@snap1",
         "IsSnapshot": true,
         "Mountpoint": "/",
         "CanMount": "on",
         "LastUsed": 1577777777
      },
      {
         "Name": "rpool/main",
         "Mountpoint": "/",
         "CanMount": "noauto",
         "BootFS": true,
         "LastUsed": 1599999999,
         "LastBootedKernel": "vmlinuz-5.2.0-8-generic",
         "Origin": "rpool/clone@snap1"
      }
   ],
   "UnmanagedDatasets": [
      {
         "Name": "rpool",
         "Mountpoint": "/",
         "CanMount": "off"
      }
   ]
}