{
   "All": {
      "rpool/ROOT/ubuntu_5678": {
         "ID": "rpool/ROOT/ubuntu_5678",
         "IsZsys": true,
         "LastUsed": "2033-05-18T05:33:20+02:00",
         "SystemDatasets": [
            {
               "Name": "rpool/ROOT/ubuntu_5678",
               "Mountpoint": "/",
               "CanMount": "on",
               "BootFS": true,
               "LastUsed": 2000000000
            },
            {
               "Name": "bpool/BOOT/ubuntu_5678",
               "Mountpoint": "/boot",
               "CanMount": "on",
               "LastUsed": 2000000000
            },
            {
               "Name": "bpool/BOOT/ubuntu_5678/grub",
               "Mountpoint": "/boot/grub",
               "CanMount": "on",
               "LastUsed": 2000000000
            }
         ],
         "History": {
            "rpool/ROOT/ubuntu_1234": {
               "ID": "rpool/ROOT/ubuntu_1234",
               "IsZsys": true,
               "LastUsed": "2019-04-18T04:45:55+02:00",
               "SystemDatasets": [
                  {
                     "Name": "rpool/ROOT/ubuntu_1234",
                     "Mountpoint": "/",
                     "CanMount": "on",
                     "BootFS": true,
                     "LastUsed": 1555555555,
                     "Origin": "rpool/ROOT/ubuntu_5678@snap1"
                  },
                  {
                     "Name": "bpool/BOOT/ubuntu_1234",
                     "Mountpoint": "/boot",
                     "CanMount": "noauto",
                     "Origin": "bpool/BOOT/ubuntu_5678@snap1"
                  },
                  {
                     "Name": "bpool/BOOT/ubuntu_1234/grub",
                     "Mountpoint": "/boot/grub",
                     "CanMount": "noauto",
                     "Origin": "bpool/BOOT/ubuntu_5678/grub@snap1"
                  }
               ]
            },
            "rpool/ROOT/ubuntu_5678@snap1": {
               "ID": "rpool/ROOT/ubuntu_5678@snap1",
               "IsZsys": true,
               "LastUsed": "2015-10-10T04:34:04+02:00",
               "SystemDatasets": [
                  {
                     "Name": "rpool/ROOT/ubuntu_5678@snap1",
                     "IsSnapshot": true,
                     "Mountpoint": "/",
                     "CanMount": "on",
                     "BootFS": true,
                     "LastUsed": 1444444444
                  },
                  {
                     "Name": "bpool/BOOT/ubuntu_5678@snap1",
                     "IsSnapshot": true,
                     "Mountpoint": "/boot",
                     "CanMount": "on"
                  },
                  {
                     "Name": "bpool/BOOT/ubuntu_5678/grub@snap1",
                     "IsSnapshot": true,
                     "Mountpoint": "/boot/grub",
                     "CanMount": "on"
                  }
               ]
            }
         }
      }
   },
   "Cmdline": "aaaaa bbbbb root=ZFS=rpool/ROOT/ubuntu_5678 ccccc",
   "Current": {
      "ID": "rpool/ROOT/ubuntu_5678",
      "IsZsys": true,
      "LastUsed": "2033-05-18T05:33:20+02:00",
      "SystemDatasets": [
         {
            "Name": "rpool/ROOT/ubuntu_5678",
            "Mountpoint": "/",
            "CanMount": "on",
            "BootFS": true,
            "LastUsed": 2000000000
         },
         {
            "Name": "bpool/BOOT/ubuntu_5678",
            "Mountpoint": "/boot",
            "CanMount": "on",
            "LastUsed": 2000000000
         },
         {
            "Name": "bpool/BOOT/ubuntu_5678/grub",
            "Mountpoint": "/boot/grub",
            "CanMount": "on",
            "LastUsed": 2000000000
         }
      ],
      "History": {
         "rpool/ROOT/ubuntu_1234": {
            "ID": "rpool/ROOT/ubuntu_1234",
            "IsZsys": true,
            "LastUsed": "2019-04-18T04:45:55+02:00",
            "SystemDatasets": [
               {
                  "Name": "rpool/ROOT/ubuntu_1234",
                  "Mountpoint": "/",
                  "CanMount": "on",
                  "BootFS": true,
                  "LastUsed": 1555555555,
                  "Origin": "rpool/ROOT/ubuntu_5678@snap1"
               },
               {
                  "Name": "bpool/BOOT/ubuntu_1234",
                  "Mountpoint": "/boot",
                  "CanMount": "noauto",
                  "Origin": "bpool/BOOT/ubuntu_5678@snap1"
               },
               {
                  "Name": "bpool/BOOT/ubuntu_1234/grub",
                  "Mountpoint": "/boot/grub",
                  "CanMount": "noauto",
                  "Origin": "bpool/BOOT/ubuntu_5678/grub@snap1"
               }
            ]
         },
         "rpool/ROOT/ubuntu_5678@snap1": {
            "ID": "rpool/ROOT/ubuntu_5678@snap1",
            "IsZsys": true,
            "LastUsed": "2015-10-10T04:34:04+02:00",
            "SystemDatasets": [
               {
                  "Name": "rpool/ROOT/ubuntu_5678@snap1",
                  "IsSnapshot": true,
                  "Mountpoint": "/",
                  "CanMount": "on",
                  "BootFS": true,
                  "LastUsed": 1444444444
               },
               {
                  "Name": "bpool/BOOT/ubuntu_5678@snap1",
                  "IsSnapshot": true,
                  "Mountpoint": "/boot",
                  "CanMount": "on"
               },
               {
                  "Name": "bpool/BOOT/ubuntu_5678/grub@snap1",
                  "IsSnapshot": true,
                  "Mountpoint": "/boot/grub",
                  "CanMount": "on"
               }
            ]
         }
      }
   },
   "AllSystemDatasets": [
      {
         "Name": "rpool/ROOT/ubuntu_5678",
         "Mountpoint": "/",
         "CanMount": "on",
         "BootFS": true,
         "LastUsed": 2000000000
      },
      {
         "Name": "bpool/BOOT/ubuntu_5678",
         "Mountpoint": "/boot",
         "CanMount": "on",
         "LastUsed": 2000000000
      },
      {
         "Name": "bpool/BOOT/ubuntu_5678/grub",
         "Mountpoint": "/boot/grub",
         "CanMount": "on",
         "LastUsed": 2000000000
      },
      {
         "Name": "rpool/ROOT/ubuntu_1234",
         "Mountpoint": "/",
         "CanMount": "on",
         "BootFS": true,
         "LastUsed": 1555555555,
         "Origin": "rpool/ROOT/ubuntu_5678@snap1"
      },
      {
         "Name": "bpool/BOOT/ubuntu_1234",
         "Mountpoint": "/boot",
         "CanMount": "noauto",
         "Origin": "bpool/BOOT/ubuntu_5678@snap1"
      },
      {
         "Name": "bpool/BOOT/ubuntu_1234/grub",
         "Mountpoint": "/boot/grub",
         "CanMount": "noauto",
         "Origin": "bpool/BOOT/ubuntu_5678/grub@snap1"
      },
      {
         "Name": "rpool/ROOT/ubuntu_5678@snap1",
         "IsSnapshot": true,
         "Mountpoint": "/",
         "CanMount": "on",
         "BootFS": true,
         "LastUsed": 1444444444
      },
      {
         "Name": "bpool/BOOT/ubuntu_5678@snap1",
         "IsSnapshot": true,
         "Mountpoint": "/boot",
         "CanMount": "on"
      },
      {
         "Name": "bpool/BOOT/ubuntu_5678/grub@snap1",
         "IsSnapshot": true,
         "Mountpoint": "/boot/grub",
         "CanMount": "on"
      }
   ]
}