{
   "All": {
      "rpool/ROOT/ubuntu_1234": {
         "IsZsys": true,
         "ID": "rpool/ROOT/ubuntu_1234",
         "LastUsed": "2019-04-18T04:45:55+02:00",
         "Datasets": {
            "rpool/ROOT/ubuntu_1234": [
               {
                  "Name": "rpool/ROOT/ubuntu_1234",
                  "Mountpoint": "/",
                  "CanMount": "on",
                  "BootFS": true,
                  "LastUsed": 1555555555
               }
            ]
         },
         "History": {
            "rpool/ROOT/ubuntu_1234@autozsys_xxxxxx": {
               "ID": "rpool/ROOT/ubuntu_1234@autozsys_xxxxxx",
               "LastUsed": "2033-05-18T05:33:20+02:00",
               "Datasets": {
                  "rpool/ROOT/ubuntu_1234@autozsys_xxxxxx": [
                     {
                        "Name": "rpool/ROOT/ubuntu_1234@autozsys_xxxxxx",
                        "IsSnapshot": true,
                        "Mountpoint": "/",
                        "CanMount": "on",
                        "BootFS": true,
                        "LastUsed": 2000000000
                     }
                  ]
               }
            }
         }
      },
      "rpool2/ROOT/ubuntu_1234": {
         "IsZsys": true,
         "ID": "rpool2/ROOT/ubuntu_1234",
         "LastUsed": "2018-12-10T13:20:44+01:00",
         "Datasets": {
            "rpool2/ROOT/ubuntu_1234": [
               {
                  "Name": "rpool2/ROOT/ubuntu_1234",
                  "Mountpoint": "/",
                  "CanMount": "on",
                  "BootFS": true,
                  "LastUsed": 1544444444
               }
            ]
         }
      }
   },
   "Cmdline": "aaaaa bbbbb root=ZFS=rpool/ROOT/ubuntu_1234 ccccc",
   "Current": {
      "IsZsys": true,
      "ID": "rpool/ROOT/ubuntu_1234",
      "LastUsed": "2019-04-18T04:45:55+02:00",
      "Datasets": {
         "rpool/ROOT/ubuntu_1234": [
            {
               "Name": "rpool/ROOT/ubuntu_1234",
               "Mountpoint": "/",
               "CanMount": "on",
               "BootFS": true,
               "LastUsed": 1555555555
            }
         ]
      },
      "History": {
         "rpool/ROOT/ubuntu_1234@autozsys_xxxxxx": {
            "ID": "rpool/ROOT/ubuntu_1234@autozsys_xxxxxx",
            "LastUsed": "2033-05-18T05:33:20+02:00",
            "Datasets": {
               "rpool/ROOT/ubuntu_1234@autozsys_xxxxxx": [
                  {
                     "Name": "rpool/ROOT/ubuntu_1234@autozsys_xxxxxx",
                     "IsSnapshot": true,
                     "Mountpoint": "/",
                     "CanMount": "on",
                     "BootFS": true,
                     "LastUsed": 2000000000
                  }
               ]
            }
         }
      }
   },
   "AllSystemDatasets": [
      {
         "Name": "rpool/ROOT/ubuntu_1234",
         "Mountpoint": "/",
         "CanMount": "on",
         "BootFS": true,
         "LastUsed": 1555555555
      },
      {
         "Name": "rpool/ROOT/ubuntu_1234@autozsys_xxxxxx",
         "IsSnapshot": true,
         "Mountpoint": "/",
         "CanMount": "on",
         "BootFS": true,
         "LastUsed": 2000000000
      },
      {
         "Name": "rpool2/ROOT/ubuntu_1234",
         "Mountpoint": "/",
         "CanMount": "on",
         "BootFS": true,
         "LastUsed": 1544444444
      }
   ],
   "UnmanagedDatasets": [
      {
         "Name": "rpool",
         "Mountpoint": "/",
         "CanMount": "off"
      },
      {
         "Name": "rpool/ROOT",
         "Mountpoint": "/ROOT",
         "CanMount": "off"
      },
      {
         "Name": "rpool2",
         "Mountpoint": "/",
         "CanMount": "off"
      },
      {
         "Name": "rpool2/ROOT",
         "Mountpoint": "/ROOT",
         "CanMount": "off"
      }
   ]
}