[
   {
      "Name": "rpool",
      "Mountpoint": "/",
      "CanMount": "off",
      "Sources": {
         "Mountpoint": "local",
         "CanMount": "local"
      }
   },
   {
      "Name": "rpool/ROOT",
      "Mountpoint": "/ROOT",
      "CanMount": "off",
      "Sources": {
         "Mountpoint": "inherited",
         "CanMount": "local"
      }
   },
   {
      "Name": "rpool/ROOT/ubuntu_1234",
      "Mountpoint": "/",
      "CanMount": "on",
      "BootFS": true,
      "LastUsed": 1555555555,
      "BootfsDatasets": "rpool/path/to/dataset",
      "Sources": {
         "Mountpoint": "local",
         "CanMount": "local",
         "BootFS": "local",
         "LastUsed": "local",
         "BootfsDatasets": "local"
      }
   },
   {
      "Name": "rpool/ROOT/ubuntu_1234/opt",
      "Mountpoint": "/opt",
      "CanMount": "on",
      "BootFS": true,
      "LastUsed": 1555555555,
      "BootfsDatasets": "rpool/path/to/dataset",
      "Sources": {
         "Mountpoint": "inherited",
         "CanMount": "local",
         "BootFS": "inherited",
         "LastUsed": "inherited",
         "BootfsDatasets": "inherited"
      }
   },
   {
      "Name": "rpool/ROOT/ubuntu_1234/opt@snap_r1",
      "IsSnapshot": true,
      "Mountpoint": "/opt",
      "CanMount": "on",
      "BootFS": true,
      "LastUsed": 2000000000,
      "LastBootedKernel": "vmlinuz-5.2.0-8-generic",
      "BootfsDatasets": "rpool/path/to/dataset",
      "Sources": {
         "Mountpoint": "inherited",
         "CanMount": "local",
         "BootFS": "inherited",
         "LastBootedKernel": "inherited",
         "BootfsDatasets": "inherited"
      }
   },
   {
      "Name": "rpool/ROOT/ubuntu_1234/opt@snap_r2",
      "IsSnapshot": true,
      "Mountpoint": "/opt",
      "CanMount": "on",
      "BootFS": true,
      "LastUsed": 2000000000,
      "LastBootedKernel": "vmlinuz-5.0.0-0-generic",
      "BootfsDatasets": "rpool/path/to/otherdataset",
      "Sources": {
         "Mountpoint": "inherited",
         "CanMount": "local",
         "BootFS": "inherited",
         "LastBootedKernel": "inherited",
         "BootfsDatasets": "inherited"
      }
   },
   {
      "Name": "rpool/ROOT/ubuntu_1234/var",
      "Mountpoint": "/var",
      "CanMount": "on",
      "BootFS": true,
      "LastUsed": 1555555555,
      "BootfsDatasets": "rpool/path/to/dataset",
      "Sources": {
         "Mountpoint": "inherited",
         "CanMount": "local",
         "BootFS": "inherited",
         "LastUsed": "inherited",
         "BootfsDatasets": "inherited"
      }
   },
   {
      "Name": "rpool/ROOT/ubuntu_1234/var/lib",
      "Mountpoint": "/var/lib",
      "CanMount": "on",
      "LastUsed": 1555555555,
      "BootfsDatasets": "rpool/path/to/dataset",
      "Sources": {
         "Mountpoint": "inherited",
         "CanMount": "local",
         "BootFS": "local",
         "LastUsed": "inherited",
         "BootfsDatasets": "inherited"
      }
   },
   {
      "Name": "rpool/ROOT/ubuntu_1234/var/lib/apt",
      "Mountpoint": "/var/lib/apt",
      "CanMount": "on",
      "LastUsed": 1555555555,
      "BootfsDatasets": "rpool/path/to/dataset",
      "Sources": {
         "Mountpoint": "inherited",
         "CanMount": "local",
         "BootFS": "inherited",
         "LastUsed": "inherited",
         "BootfsDatasets": "inherited"
      }
   },
   {
      "Name": "rpool/ROOT/ubuntu_1234/var/lib/apt@snap_r1",
      "IsSnapshot": true,
      "Mountpoint": "/var/lib/apt",
      "CanMount": "on",
      "LastUsed": 2000000000,
      "LastBootedKernel": "vmlinuz-5.2.0-8-generic",
      "BootfsDatasets": "rpool/path/to/dataset",
      "Sources": {
         "Mountpoint": "inherited",
         "CanMount": "local",
         "BootFS": "inherited",
         "LastBootedKernel": "inherited",
         "BootfsDatasets": "inherited"
      }
   },
   {
      "Name": "rpool/ROOT/ubuntu_1234/var/lib/apt@snap_r2",
      "IsSnapshot": true,
      "Mountpoint": "/var/lib/apt",
      "CanMount": "on",
      "LastUsed": 2000000000,
      "LastBootedKernel": "vmlinuz-5.0.0-0-generic",
      "BootfsDatasets": "rpool/path/to/otherdataset",
      "Sources": {
         "Mountpoint": "inherited",
         "CanMount": "local",
         "BootFS": "inherited",
         "LastBootedKernel": "inherited",
         "BootfsDatasets": "inherited"
      }
   },
   {
      "Name": "rpool/ROOT/ubuntu_1234/var/lib@snap_r1",
      "IsSnapshot": true,
      "Mountpoint": "/var/lib",
      "CanMount": "on",
      "LastUsed": 2000000000,
      "LastBootedKernel": "vmlinuz-5.2.0-8-generic",
      "BootfsDatasets": "rpool/path/to/dataset",
      "Sources": {
         "Mountpoint": "inherited",
         "CanMount": "local",
         "BootFS": "local",
         "LastBootedKernel": "inherited",
         "BootfsDatasets": "inherited"
      }
   },
   {
      "Name": "rpool/ROOT/ubuntu_1234/var/lib@snap_r2",
      "IsSnapshot": true,
      "Mountpoint": "/var/lib",
      "CanMount": "on",
      "LastUsed": 2000000000,
      "LastBootedKernel": "vmlinuz-5.0.0-0-generic",
      "BootfsDatasets": "rpool/path/to/otherdataset",
      "Sources": {
         "Mountpoint": "inherited",
         "CanMount": "local",
         "BootFS": "local",
         "LastBootedKernel": "inherited",
         "BootfsDatasets": "inherited"
      }
   },
   {
      "Name": "rpool/ROOT/ubuntu_1234/var@snap_r2",
      "IsSnapshot": true,
      "Mountpoint": "/var",
      "CanMount": "on",
      "BootFS": true,
      "LastUsed": 2000000000,
      "LastBootedKernel": "vmlinuz-5.0.0-0-generic",
      "BootfsDatasets": "rpool/path/to/otherdataset",
      "Sources": {
         "Mountpoint": "inherited",
         "CanMount": "local",
         "BootFS": "inherited",
         "LastBootedKernel": "inherited",
         "BootfsDatasets": "inherited"
      }
   },
   {
      "Name": "rpool/ROOT/ubuntu_1234@snap_r1",
      "IsSnapshot": true,
      "Mountpoint": "/",
      "CanMount": "on",
      "BootFS": true,
      "LastUsed": 2000000000,
      "LastBootedKernel": "vmlinuz-5.2.0-8-generic",
      "BootfsDatasets": "rpool/path/to/dataset",
      "Sources": {
         "Mountpoint": "local",
         "CanMount": "local",
         "BootFS": "local",
         "LastBootedKernel": "local",
         "BootfsDatasets": "local"
      }
   },
   {
      "Name": "rpool/ROOT/ubuntu_1234@snap_r2",
      "IsSnapshot": true,
      "Mountpoint": "/",
      "CanMount": "on",
      "BootFS": true,
      "LastUsed": 2000000000,
      "LastBootedKernel": "vmlinuz-5.0.0-0-generic",
      "BootfsDatasets": "rpool/path/to/otherdataset",
      "Sources": {
         "Mountpoint": "local",
         "CanMount": "local",
         "BootFS": "local",
         "LastBootedKernel": "local",
         "BootfsDatasets": "local"
      }
   },
   {
      "Name": "rpool/ROOT/ubuntu_5678",
      "Mountpoint": "/",
      "CanMount": "noauto",
      "BootFS": true,
      "LastBootedKernel": "vmlinuz-5.2.0-8-generic",
      "Origin": "rpool/ROOT/ubuntu_1234@snap_r1",
      "Sources": {
         "Mountpoint": "local",
         "CanMount": "local",
         "BootFS": "local",
         "LastBootedKernel": "local"
      }
   }
]