{
   "rpool/clone": "rpool/main",
   "rpool/main": "",
   "rpool/main@snap1": "rpool/main"
}