{
   "AllPersistentDatasets": [
      {
         "Name": "rpool",
         "Mountpoint": "/foo",
         "CanMount": "on"
      }
   ]
}