{
   "All": {
      "rpool/ROOT/ubuntu_1234": {
         "IsZsys": true,
         "ID": "rpool/ROOT/ubuntu_1234",
         "LastUsed": "2019-04-18T04:45:55+02:00",
         "Datasets": {
            "rpool/ROOT/ubuntu_1234": [
               {
                  "Name": "rpool/ROOT/ubuntu_1234",
                  "Mountpoint": "/",
                  "CanMount": "on",
                  "BootFS": true,
                  "LastUsed": 1555555555
               }
            ]
         },
         "PersistentDatasets": [
            {
               "Name": "cpool/grub",
               "Mountpoint": "/boot/grub",
               "CanMount": "on"
            }
         ]
      }
   },
   "AllSystemDatasets": [
      {
         "Name": "rpool/ROOT/ubuntu_1234",
         "Mountpoint": "/",
         "CanMount": "on",
         "BootFS": true,
         "LastUsed": 1555555555
      }
   ],
   "AllPersistentDatasets": [
      {
         "Name": "cpool/grub",
         "Mountpoint": "/boot/grub",
         "CanMount": "on"
      }
   ],
   "UnmanagedDatasets": [
      {
         "Name": "cpool",
         "Mountpoint": "/",
         "CanMount": "off"
      },
      {
         "Name": "rpool",
         "Mountpoint": "/",
         "CanMount": "off"
      },
      {
         "Name": "rpool/ROOT",
         "Mountpoint": "/ROOT",
         "CanMount": "off"
      }
   ]
}