[
   {
      "Name": "rpool",
      "Mountpoint": "/foo",
      "CanMount": "on",
      "BootfsDatasets": "rpool/ROOT/ubuntu_42",
      "Sources": {
         "Mountpoint": "local",
         "CanMount": "local",
         "BootfsDatasets": "local"
      }
   }
]