[
   {
      "Name": "rpool",
      "Mountpoint": "/",
      "CanMount": "on",
      "LastUsed": 1555555555,
      "LastBootedKernel": "vmlinuz-5.2.0-8-generic",
      "BootfsDatasets": "something",
      "Sources": {
         "Mountpoint": "local",
         "CanMount": "local",
         "BootFS": "local",
         "LastUsed": "local",
         "LastBootedKernel": "local",
         "BootfsDatasets": "local"
      }
   },
   {
      "Name": "rpool@snap1",
      "IsSnapshot": true,
      "Mountpoint": "/home/a/path",
      "CanMount": "on",
      "BootFS": true,
      "LastUsed": 2000000000,
      "LastBootedKernel": "vmlinuz-5.0.0-0-generic",
      "BootfsDatasets": "something else",
      "Sources": {
         "Mountpoint": "local",
         "BootFS": "local",
         "LastBootedKernel": "local",
         "BootfsDatasets": "local"
      }
   }
]