[
   {
      "Name": "rpool",
      "Mountpoint": "/",
      "CanMount": "on",
      "BootFS": true,
      "LastUsed": 1555555555,
      "Sources": {
         "Mountpoint": "local",
         "CanMount": "local",
         "BootFS": "local",
         "LastUsed": "local"
      }
   },
   {
      "Name": "rpool@snap1",
      "IsSnapshot": true,
      "LastUsed": 2000000000,
      "LastBootedKernel": "SetProperty Value",
      "Sources": {
         "LastBootedKernel": "local"
      }
   }
]