{
   "All": {
      "rpool/ROOT/ubuntu_1234": {
         "ID": "rpool/ROOT/ubuntu_1234",
         "IsZsys": true,
         "LastUsed": "2019-04-18T04:45:55+02:00",
         "SystemDatasets": [
            {
               "Name": "rpool/ROOT/ubuntu_1234",
               "Mountpoint": "/",
               "CanMount": "noauto",
               "BootFS": true,
               "LastUsed": 1555555555
            }
         ],
         "UserDatasets": [
            {
               "Name": "rpool/USERDATA/root_bcde",
               "Mountpoint": "/root",
               "CanMount": "noauto",
               "LastUsed": 1533333333,
               "BootfsDatasets": "rpool/ROOT/ubuntu_1234"
            },
            {
               "Name": "rpool/USERDATA/user1_abcd",
               "Mountpoint": "/home/user1",
               "CanMount": "noauto",
               "LastUsed": 1544444444,
               "BootfsDatasets": "rpool/ROOT/ubuntu_1234"
            },
            {
               "Name": "rpool/USERDATA/user1_abcd/tools",
               "Mountpoint": "/home/user1/tools",
               "CanMount": "noauto",
               "LastUsed": 1544444444,
               "BootfsDatasets": "rpool/ROOT/ubuntu_1234"
            }
         ],
         "Users": {
            "root": {
               "current": [
                  {
                     "Name": "rpool/USERDATA/root_bcde",
                     "Mountpoint": "/root",
                     "CanMount": "noauto",
                     "LastUsed": 1533333333,
                     "BootfsDatasets": "rpool/ROOT/ubuntu_1234"
                  }
               ]
            },
            "user1": {
               "0": [
                  {
                     "Name": "rpool/USERDATA/user1_xxxxxx",
                     "Mountpoint": "/home/user1",
                     "CanMount": "on",
                     "BootfsDatasets": "rpool/ROOT/ubuntu_4242",
                     "Origin": "rpool/USERDATA/user1_abcd@snap1"
                  },
                  {
                     "Name": "rpool/USERDATA/user1_xxxxxx/tools",
                     "Mountpoint": "/home/user1/tools",
                     "CanMount": "on",
                     "BootfsDatasets": "rpool/ROOT/ubuntu_4242",
                     "Origin": "rpool/USERDATA/user1_abcd/tools@snap1"
                  }
               ],
               "1511111111": [
                  {
                     "Name": "rpool/USERDATA/user1_efgh",
                     "Mountpoint": "/home/user1",
                     "CanMount": "noauto",
                     "LastUsed": 1511111111,
                     "BootfsDatasets": "rpool/ROOT/ubuntu_5678",
                     "Origin": "rpool/USERDATA/user1_abcd@snap1"
                  },
                  {
                     "Name": "rpool/USERDATA/user1_efgh/tools",
                     "Mountpoint": "/home/user1/tools",
                     "CanMount": "noauto",
                     "LastUsed": 1511111111,
                     "BootfsDatasets": "rpool/ROOT/ubuntu_5678",
                     "Origin": "rpool/USERDATA/user1_abcd/tools@snap1"
                  }
               ],
               "1522222222": [
                  {
                     "Name": "rpool/USERDATA/user1_abcd@snap1",
                     "IsSnapshot": true,
                     "Mountpoint": "/home/user1",
                     "CanMount": "on",
                     "LastUsed": 1522222222,
                     "BootfsDatasets": "rpool/ROOT/ubuntu_1234"
                  },
                  {
                     "Name": "rpool/USERDATA/user1_abcd/tools@snap1",
                     "IsSnapshot": true,
                     "Mountpoint": "/home/user1/tools",
                     "CanMount": "on",
                     "LastUsed": 1522222222,
                     "BootfsDatasets": "rpool/ROOT/ubuntu_1234"
                  }
               ],
               "current": [
                  {
                     "Name": "rpool/USERDATA/user1_abcd",
                     "Mountpoint": "/home/user1",
                     "CanMount": "noauto",
                     "LastUsed": 1544444444,
                     "BootfsDatasets": "rpool/ROOT/ubuntu_1234"
                  },
                  {
                     "Name": "rpool/USERDATA/user1_abcd/tools",
                     "Mountpoint": "/home/user1/tools",
                     "CanMount": "noauto",
                     "LastUsed": 1544444444,
                     "BootfsDatasets": "rpool/ROOT/ubuntu_1234"
                  }
               ]
            }
         },
         "History": {
            "rpool/ROOT/ubuntu_1234@snap1": {
               "ID": "rpool/ROOT/ubuntu_1234@snap1",
               "IsZsys": true,
               "LastUsed": "2018-12-10T13:20:44+01:00",
               "SystemDatasets": [
                  {
                     "Name": "rpool/ROOT/ubuntu_1234@snap1",
                     "IsSnapshot": true,
                     "Mountpoint": "/",
                     "CanMount": "on",
                     "BootFS": true,
                     "LastUsed": 1544444444
                  }
               ],
               "UserDatasets": [
                  {
                     "Name": "rpool/USERDATA/user1_abcd@snap1",
                     "IsSnapshot": true,
                     "Mountpoint": "/home/user1",
                     "CanMount": "on",
                     "LastUsed": 1522222222,
                     "BootfsDatasets": "rpool/ROOT/ubuntu_1234"
                  },
                  {
                     "Name": "rpool/USERDATA/user1_abcd/tools@snap1",
                     "IsSnapshot": true,
                     "Mountpoint": "/home/user1/tools",
                     "CanMount": "on",
                     "LastUsed": 1522222222,
                     "BootfsDatasets": "rpool/ROOT/ubuntu_1234"
                  }
               ]
            },
            "rpool/ROOT/ubuntu_4242": {
               "ID": "rpool/ROOT/ubuntu_4242",
               "IsZsys": true,
               "SystemDatasets": [
                  {
                     "Name": "rpool/ROOT/ubuntu_4242",
                     "Mountpoint": "/",
                     "CanMount": "on",
                     "Mounted": true,
                     "BootFS": true,
                     "Origin": "rpool/ROOT/ubuntu_1234@snap1"
                  }
               ],
               "UserDatasets": [
                  {
                     "Name": "rpool/USERDATA/user1_xxxxxx",
                     "Mountpoint": "/home/user1",
                     "CanMount": "on",
                     "BootfsDatasets": "rpool/ROOT/ubuntu_4242",
                     "Origin": "rpool/USERDATA/user1_abcd@snap1"
                  },
                  {
                     "Name": "rpool/USERDATA/user1_xxxxxx/tools",
                     "Mountpoint": "/home/user1/tools",
                     "CanMount": "on",
                     "BootfsDatasets": "rpool/ROOT/ubuntu_4242",
                     "Origin": "rpool/USERDATA/user1_abcd/tools@snap1"
                  }
               ]
            },
            "rpool/ROOT/ubuntu_5678": {
               "ID": "rpool/ROOT/ubuntu_5678",
               "IsZsys": true,
               "LastUsed": "2019-12-31T08:36:17+01:00",
               "SystemDatasets": [
                  {
                     "Name": "rpool/ROOT/ubuntu_5678",
                     "Mountpoint": "/",
                     "CanMount": "noauto",
                     "BootFS": true,
                     "LastUsed": 1577777777,
                     "Origin": "rpool/ROOT/ubuntu_1234@snap1"
                  }
               ],
               "UserDatasets": [
                  {
                     "Name": "rpool/USERDATA/user1_efgh",
                     "Mountpoint": "/home/user1",
                     "CanMount": "noauto",
                     "LastUsed": 1511111111,
                     "BootfsDatasets": "rpool/ROOT/ubuntu_5678",
                     "Origin": "rpool/USERDATA/user1_abcd@snap1"
                  },
                  {
                     "Name": "rpool/USERDATA/user1_efgh/tools",
                     "Mountpoint": "/home/user1/tools",
                     "CanMount": "noauto",
                     "LastUsed": 1511111111,
                     "BootfsDatasets": "rpool/ROOT/ubuntu_5678",
                     "Origin": "rpool/USERDATA/user1_abcd/tools@snap1"
                  }
               ]
            }
         }
      }
   },
   "Cmdline": "aaaaa bbbbb root=ZFS=rpool/ROOT/ubuntu_1234@snap1 ccccc zsys-revert=userdata",
   "Current": {
      "ID": "rpool/ROOT/ubuntu_1234",
      "IsZsys": true,
      "LastUsed": "2019-04-18T04:45:55+02:00",
      "SystemDatasets": [
         {
            "Name": "rpool/ROOT/ubuntu_1234",
            "Mountpoint": "/",
            "CanMount": "noauto",
            "BootFS": true,
            "LastUsed": 1555555555
         }
      ],
      "UserDatasets": [
         {
            "Name": "rpool/USERDATA/root_bcde",
            "Mountpoint": "/root",
            "CanMount": "noauto",
            "LastUsed": 1533333333,
            "BootfsDatasets": "rpool/ROOT/ubuntu_1234"
         },
         {
            "Name": "rpool/USERDATA/user1_abcd",
            "Mountpoint": "/home/user1",
            "CanMount": "noauto",
            "LastUsed": 1544444444,
            "BootfsDatasets": "rpool/ROOT/ubuntu_1234"
         },
         {
            "Name": "rpool/USERDATA/user1_abcd/tools",
            "Mountpoint": "/home/user1/tools",
            "CanMount": "noauto",
            "LastUsed": 1544444444,
            "BootfsDatasets": "rpool/ROOT/ubuntu_1234"
         }
      ],
      "Users": {
         "root": {
            "current": [
               {
                  "Name": "rpool/USERDATA/root_bcde",
                  "Mountpoint": "/root",
                  "CanMount": "noauto",
                  "LastUsed": 1533333333,
                  "BootfsDatasets": "rpool/ROOT/ubuntu_1234"
               }
            ]
         },
         "user1": {
            "0": [
               {
                  "Name": "rpool/USERDATA/user1_xxxxxx",
                  "Mountpoint": "/home/user1",
                  "CanMount": "on",
                  "BootfsDatasets": "rpool/ROOT/ubuntu_4242",
                  "Origin": "rpool/USERDATA/user1_abcd@snap1"
               },
               {
                  "Name": "rpool/USERDATA/user1_xxxxxx/tools",
                  "Mountpoint": "/home/user1/tools",
                  "CanMount": "on",
                  "BootfsDatasets": "rpool/ROOT/ubuntu_4242",
                  "Origin": "rpool/USERDATA/user1_abcd/tools@snap1"
               }
            ],
            "1511111111": [
               {
                  "Name": "rpool/USERDATA/user1_efgh",
                  "Mountpoint": "/home/user1",
                  "CanMount": "noauto",
                  "LastUsed": 1511111111,
                  "BootfsDatasets": "rpool/ROOT/ubuntu_5678",
                  "Origin": "rpool/USERDATA/user1_abcd@snap1"
               },
               {
                  "Name": "rpool/USERDATA/user1_efgh/tools",
                  "Mountpoint": "/home/user1/tools",
                  "CanMount": "noauto",
                  "LastUsed": 1511111111,
                  "BootfsDatasets": "rpool/ROOT/ubuntu_5678",
                  "Origin": "rpool/USERDATA/user1_abcd/tools@snap1"
               }
            ],
            "1522222222": [
               {
                  "Name": "rpool/USERDATA/user1_abcd@snap1",
                  "IsSnapshot": true,
                  "Mountpoint": "/home/user1",
                  "CanMount": "on",
                  "LastUsed": 1522222222,
                  "BootfsDatasets": "rpool/ROOT/ubuntu_1234"
               },
               {
                  "Name": "rpool/USERDATA/user1_abcd/tools@snap1",
                  "IsSnapshot": true,
                  "Mountpoint": "/home/user1/tools",
                  "CanMount": "on",
                  "LastUsed": 1522222222,
                  "BootfsDatasets": "rpool/ROOT/ubuntu_1234"
               }
            ],
            "current": [
               {
                  "Name": "rpool/USERDATA/user1_abcd",
                  "Mountpoint": "/home/user1",
                  "CanMount": "noauto",
                  "LastUsed": 1544444444,
                  "BootfsDatasets": "rpool/ROOT/ubuntu_1234"
               },
               {
                  "Name": "rpool/USERDATA/user1_abcd/tools",
                  "Mountpoint": "/home/user1/tools",
                  "CanMount": "noauto",
                  "LastUsed": 1544444444,
                  "BootfsDatasets": "rpool/ROOT/ubuntu_1234"
               }
            ]
         }
      },
      "History": {
         "rpool/ROOT/ubuntu_1234@snap1": {
            "ID": "rpool/ROOT/ubuntu_1234@snap1",
            "IsZsys": true,
            "LastUsed": "2018-12-10T13:20:44+01:00",
            "SystemDatasets": [
               {
                  "Name": "rpool/ROOT/ubuntu_1234@snap1",
                  "IsSnapshot": true,
                  "Mountpoint": "/",
                  "CanMount": "on",
                  "BootFS": true,
                  "LastUsed": 1544444444
               }
            ],
            "UserDatasets": [
               {
                  "Name": "rpool/USERDATA/user1_abcd@snap1",
                  "IsSnapshot": true,
                  "Mountpoint": "/home/user1",
                  "CanMount": "on",
                  "LastUsed": 1522222222,
                  "BootfsDatasets": "rpool/ROOT/ubuntu_1234"
               },
               {
                  "Name": "rpool/USERDATA/user1_abcd/tools@snap1",
                  "IsSnapshot": true,
                  "Mountpoint": "/home/user1/tools",
                  "CanMount": "on",
                  "LastUsed": 1522222222,
                  "BootfsDatasets": "rpool/ROOT/ubuntu_1234"
               }
            ]
         },
         "rpool/ROOT/ubuntu_4242": {
            "ID": "rpool/ROOT/ubuntu_4242",
            "IsZsys": true,
            "SystemDatasets": [
               {
                  "Name": "rpool/ROOT/ubuntu_4242",
                  "Mountpoint": "/",
                  "CanMount": "on",
                  "Mounted": true,
                  "BootFS": true,
                  "Origin": "rpool/ROOT/ubuntu_1234@snap1"
               }
            ],
            "UserDatasets": [
               {
                  "Name": "rpool/USERDATA/user1_xxxxxx",
                  "Mountpoint": "/home/user1",
                  "CanMount": "on",
                  "BootfsDatasets": "rpool/ROOT/ubuntu_4242",
                  "Origin": "rpool/USERDATA/user1_abcd@snap1"
               },
               {
                  "Name": "rpool/USERDATA/user1_xxxxxx/tools",
                  "Mountpoint": "/home/user1/tools",
                  "CanMount": "on",
                  "BootfsDatasets": "rpool/ROOT/ubuntu_4242",
                  "Origin": "rpool/USERDATA/user1_abcd/tools@snap1"
               }
            ]
         },
         "rpool/ROOT/ubuntu_5678": {
            "ID": "rpool/ROOT/ubuntu_5678",
            "IsZsys": true,
            "LastUsed": "2019-12-31T08:36:17+01:00",
            "SystemDatasets": [
               {
                  "Name": "rpool/ROOT/ubuntu_5678",
                  "Mountpoint": "/",
                  "CanMount": "noauto",
                  "BootFS": true,
                  "LastUsed": 1577777777,
                  "Origin": "rpool/ROOT/ubuntu_1234@snap1"
               }
            ],
            "UserDatasets": [
               {
                  "Name": "rpool/USERDATA/user1_efgh",
                  "Mountpoint": "/home/user1",
                  "CanMount": "noauto",
                  "LastUsed": 1511111111,
                  "BootfsDatasets": "rpool/ROOT/ubuntu_5678",
                  "Origin": "rpool/USERDATA/user1_abcd@snap1"
               },
               {
                  "Name": "rpool/USERDATA/user1_efgh/tools",
                  "Mountpoint": "/home/user1/tools",
                  "CanMount": "noauto",
                  "LastUsed": 1511111111,
                  "BootfsDatasets": "rpool/ROOT/ubuntu_5678",
                  "Origin": "rpool/USERDATA/user1_abcd/tools@snap1"
               }
            ]
         }
      }
   },
   "AllSystemDatasets": [
      {
         "Name": "rpool/ROOT/ubuntu_1234",
         "Mountpoint": "/",
         "CanMount": "noauto",
         "BootFS": true,
         "LastUsed": 1555555555
      },
      {
         "Name": "rpool/ROOT/ubuntu_1234@snap1",
         "IsSnapshot": true,
         "Mountpoint": "/",
         "CanMount": "on",
         "BootFS": true,
         "LastUsed": 1544444444
      },
      {
         "Name": "rpool/ROOT/ubuntu_4242",
         "Mountpoint": "/",
         "CanMount": "on",
         "Mounted": true,
         "BootFS": true,
         "Origin": "rpool/ROOT/ubuntu_1234@snap1"
      },
      {
         "Name": "rpool/ROOT/ubuntu_5678",
         "Mountpoint": "/",
         "CanMount": "noauto",
         "BootFS": true,
         "LastUsed": 1577777777,
         "Origin": "rpool/ROOT/ubuntu_1234@snap1"
      }
   ],
   "AllUsersDatasets": [
      {
         "Name": "rpool/USERDATA/root_bcde",
         "Mountpoint": "/root",
         "CanMount": "noauto",
         "LastUsed": 1533333333,
         "BootfsDatasets": "rpool/ROOT/ubuntu_1234"
      },
      {
         "Name": "rpool/USERDATA/user1_abcd",
         "Mountpoint": "/home/user1",
         "CanMount": "noauto",
         "LastUsed": 1544444444,
         "BootfsDatasets": "rpool/ROOT/ubuntu_1234"
      },
      {
         "Name": "rpool/USERDATA/user1_abcd@snap1",
         "IsSnapshot": true,
         "Mountpoint": "/home/user1",
         "CanMount": "on",
         "LastUsed": 1522222222,
         "BootfsDatasets": "rpool/ROOT/ubuntu_1234"
      },
      {
         "Name": "rpool/USERDATA/user1_efgh",
         "Mountpoint": "/home/user1",
         "CanMount": "noauto",
         "LastUsed": 1511111111,
         "BootfsDatasets": "rpool/ROOT/ubuntu_5678",
         "Origin": "rpool/USERDATA/user1_abcd@snap1"
      },
      {
         "Name": "rpool/USERDATA/user1_xxxxxx",
         "Mountpoint": "/home/user1",
         "CanMount": "on",
         "BootfsDatasets": "rpool/ROOT/ubuntu_4242",
         "Origin": "rpool/USERDATA/user1_abcd@snap1"
      },
      {
         "Name": "rpool/USERDATA/user1_abcd/tools",
         "Mountpoint": "/home/user1/tools",
         "CanMount": "noauto",
         "LastUsed": 1544444444,
         "BootfsDatasets": "rpool/ROOT/ubuntu_1234"
      },
      {
         "Name": "rpool/USERDATA/user1_abcd/tools@snap1",
         "IsSnapshot": true,
         "Mountpoint": "/home/user1/tools",
         "CanMount": "on",
         "LastUsed": 1522222222,
         "BootfsDatasets": "rpool/ROOT/ubuntu_1234"
      },
      {
         "Name": "rpool/USERDATA/user1_efgh/tools",
         "Mountpoint": "/home/user1/tools",
         "CanMount": "noauto",
         "LastUsed": 1511111111,
         "BootfsDatasets": "rpool/ROOT/ubuntu_5678",
         "Origin": "rpool/USERDATA/user1_abcd/tools@snap1"
      },
      {
         "Name": "rpool/USERDATA/user1_xxxxxx/tools",
         "Mountpoint": "/home/user1/tools",
         "CanMount": "on",
         "BootfsDatasets": "rpool/ROOT/ubuntu_4242",
         "Origin": "rpool/USERDATA/user1_abcd/tools@snap1"
      }
   ]
}